---
source: crates/ars-forms/src/form_submit.rs
expression: "snapshot_attrs(service.connect(&|_| {}).submit_button_attrs())"
---
AttrMap {
    attrs: [
        (
            Data(
                "ars-part",
            ),
            String(
                "submit-button",
            ),
        ),
        (
            Data(
                "ars-scope",
            ),
            String(
                "form-submit",
            ),
        ),
    ],
    styles: [],
}
