---
source: crates/ars-forms/src/form_submit.rs
expression: "snapshot_attrs(service.connect(&|_| {}).root_attrs())"
---
AttrMap {
    attrs: [
        (
            Data(
                "ars-part",
            ),
            String(
                "root",
            ),
        ),
        (
            Data(
                "ars-scope",
            ),
            String(
                "form-submit",
            ),
        ),
        (
            Data(
                "ars-state",
            ),
            String(
                "submitting",
            ),
        ),
        (
            Id,
            String(
                "test-form",
            ),
        ),
    ],
    styles: [],
}
