---
source: crates/ars-components/src/selection/tags_input/mod.rs
expression: "snapshot_attrs(&service.connect(&|_| {}).input_attrs())"
---
AttrMap {
    attrs: [
        (
            Data(
                "ars-part",
            ),
            String(
                "input",
            ),
        ),
        (
            Data(
                "ars-scope",
            ),
            String(
                "tags-input",
            ),
        ),
        (
            Aria(
                DescribedBy,
            ),
            String(
                "tags-description",
            ),
        ),
        (
            Id,
            String(
                "tags-input",
            ),
        ),
        (
            Value,
            String(
                "",
            ),
        ),
    ],
    styles: [],
}
