---
source: crates/ars-components/src/input/switch/mod.rs
expression: "snapshot_attrs(&service.connect(&|_| {}).label_attrs())"
---
AttrMap {
    attrs: [
        (
            Data(
                "ars-part",
            ),
            String(
                "label",
            ),
        ),
        (
            Data(
                "ars-scope",
            ),
            String(
                "switch",
            ),
        ),
        (
            Id,
            String(
                "wifi-label",
            ),
        ),
        (
            For,
            String(
                "wifi-hidden-input",
            ),
        ),
    ],
    styles: [],
}
