---
source: crates/ars-components/src/input/switch/mod.rs
expression: "snapshot_attrs(&service.connect(&|_| {}).control_attrs())"
---
AttrMap {
    attrs: [
        (
            Data(
                "ars-part",
            ),
            String(
                "control",
            ),
        ),
        (
            Data(
                "ars-scope",
            ),
            String(
                "switch",
            ),
        ),
        (
            Data(
                "ars-state",
            ),
            String(
                "checked",
            ),
        ),
        (
            Aria(
                Checked,
            ),
            String(
                "true",
            ),
        ),
        (
            Aria(
                LabelledBy,
            ),
            String(
                "wifi-label",
            ),
        ),
        (
            Id,
            String(
                "wifi-control",
            ),
        ),
        (
            Role,
            String(
                "switch",
            ),
        ),
        (
            TabIndex,
            String(
                "0",
            ),
        ),
    ],
    styles: [],
}
