---
source: crates/ars-components/src/overlay/tour/mod.rs
expression: snapshot_attrs(&api.overlay_attrs())
---
AttrMap {
    attrs: [
        (
            Data(
                "ars-part",
            ),
            String(
                "overlay",
            ),
        ),
        (
            Data(
                "ars-scope",
            ),
            String(
                "tour",
            ),
        ),
        (
            Aria(
                Hidden,
            ),
            String(
                "true",
            ),
        ),
    ],
    styles: [
        (
            Custom(
                "ars-z-index",
            ),
            "1600",
        ),
    ],
}
