---
source: crates/ars-components/src/overlay/tour/mod.rs
expression: snapshot_attrs(&api.step_indicator_attrs(0))
---
AttrMap {
    attrs: [
        (
            Data(
                "ars-current",
            ),
            Bool(
                true,
            ),
        ),
        (
            Data(
                "ars-part",
            ),
            String(
                "step-indicator",
            ),
        ),
        (
            Data(
                "ars-scope",
            ),
            String(
                "tour",
            ),
        ),
        (
            Data(
                "ars-step",
            ),
            String(
                "0",
            ),
        ),
    ],
    styles: [],
}
