---
source: crates/ars-components/src/input/search_input/mod.rs
expression: snapshot_attrs(&api.description_attrs())
---
AttrMap {
    attrs: [
        (
            Data(
                "ars-part",
            ),
            String(
                "description",
            ),
        ),
        (
            Data(
                "ars-scope",
            ),
            String(
                "search-input",
            ),
        ),
        (
            Id,
            String(
                "search-description",
            ),
        ),
    ],
    styles: [],
}
