---
source: crates/ars-components/src/selection/segment_group/mod.rs
expression: "snapshot_attrs(&selected.connect(&|_| {}).indicator_attrs())"
---
AttrMap {
    attrs: [
        (
            Data(
                "ars-active-value",
            ),
            String(
                "grid",
            ),
        ),
        (
            Data(
                "ars-part",
            ),
            String(
                "indicator",
            ),
        ),
        (
            Data(
                "ars-scope",
            ),
            String(
                "segment-group",
            ),
        ),
        (
            Aria(
                Hidden,
            ),
            String(
                "true",
            ),
        ),
    ],
    styles: [],
}
