---
source: crates/ars-components/src/input/slider/mod.rs
expression: "snapshot_attrs(&svc.connect(&|_| {}).dragging_indicator_attrs())"
---
AttrMap {
    attrs: [
        (
            Data(
                "ars-part",
            ),
            String(
                "dragging-indicator",
            ),
        ),
        (
            Data(
                "ars-scope",
            ),
            String(
                "slider",
            ),
        ),
        (
            Data(
                "ars-state",
            ),
            String(
                "idle",
            ),
        ),
        (
            Aria(
                Hidden,
            ),
            String(
                "true",
            ),
        ),
        (
            Hidden,
            Bool(
                true,
            ),
        ),
    ],
    styles: [],
}
