---
source: crates/ars-components/src/input/slider/mod.rs
expression: snapshot_attrs(&api.description_attrs())
---
AttrMap {
    attrs: [
        (
            Data(
                "ars-part",
            ),
            String(
                "description",
            ),
        ),
        (
            Data(
                "ars-scope",
            ),
            String(
                "slider",
            ),
        ),
        (
            Id,
            String(
                "volume-description",
            ),
        ),
    ],
    styles: [],
}
