---
source: crates/ars-components/src/utility/landmark.rs
expression: "snapshot_attrs(&api(Props::new().id(\"banner\").role(Role::Banner)).root_attrs())"
---
AttrMap {
    attrs: [
        (
            Data(
                "ars-part",
            ),
            String(
                "root",
            ),
        ),
        (
            Data(
                "ars-scope",
            ),
            String(
                "landmark",
            ),
        ),
        (
            Id,
            String(
                "banner",
            ),
        ),
    ],
    styles: [],
}
