---
source: crates/ars-components/src/utility/action_group/mod.rs
expression: "snapshot_attrs(&disabled.connect(&|_| {}).root_attrs())"
---
AttrMap {
    attrs: [
        (
            Data(
                "ars-disabled",
            ),
            Bool(
                true,
            ),
        ),
        (
            Data(
                "ars-label-behavior",
            ),
            String(
                "show",
            ),
        ),
        (
            Data(
                "ars-overflow-mode",
            ),
            String(
                "wrap",
            ),
        ),
        (
            Data(
                "ars-part",
            ),
            String(
                "root",
            ),
        ),
        (
            Data(
                "ars-scope",
            ),
            String(
                "action-group",
            ),
        ),
        (
            Data(
                "ars-variant",
            ),
            String(
                "toolbar",
            ),
        ),
        (
            Aria(
                Disabled,
            ),
            String(
                "true",
            ),
        ),
        (
            Aria(
                Label,
            ),
            String(
                "Document actions",
            ),
        ),
        (
            Aria(
                Orientation,
            ),
            String(
                "horizontal",
            ),
        ),
        (
            Id,
            String(
                "actions",
            ),
        ),
        (
            Role,
            String(
                "toolbar",
            ),
        ),
    ],
    styles: [],
}
