---
source: crates/ars-components/src/selection/menu/mod.rs
expression: snapshot_attrs(&api.separator_attrs())
---
AttrMap {
    attrs: [
        (
            Data(
                "ars-part",
            ),
            String(
                "separator",
            ),
        ),
        (
            Data(
                "ars-scope",
            ),
            String(
                "menu",
            ),
        ),
        (
            Role,
            String(
                "separator",
            ),
        ),
    ],
    styles: [],
}
