---
source: crates/ars-components/src/selection/menu/mod.rs
expression: "snapshot_attrs(&service(Props::new().id(\"menu\").disabled_keys(BTreeSet::from([key(\"charlie\")]))).connect(&|_|\n{}).radio_item_attrs(&key(\"charlie\"), &key(\"density\")))"
---
AttrMap {
    attrs: [
        (
            Data(
                "ars-disabled",
            ),
            Bool(
                true,
            ),
        ),
        (
            Data(
                "ars-part",
            ),
            String(
                "radio-item",
            ),
        ),
        (
            Data(
                "ars-scope",
            ),
            String(
                "menu",
            ),
        ),
        (
            Aria(
                Checked,
            ),
            String(
                "false",
            ),
        ),
        (
            Aria(
                Disabled,
            ),
            String(
                "true",
            ),
        ),
        (
            Id,
            String(
                "menu-item-charlie",
            ),
        ),
        (
            Role,
            String(
                "menuitemradio",
            ),
        ),
        (
            TabIndex,
            String(
                "-1",
            ),
        ),
    ],
    styles: [],
}
