---
source: crates/ars-components/src/selection/menu/mod.rs
expression: "snapshot_attrs(&api.item_group_label_attrs(&key(\"group\")))"
---
AttrMap {
    attrs: [
        (
            Data(
                "ars-part",
            ),
            String(
                "item-group-label",
            ),
        ),
        (
            Data(
                "ars-scope",
            ),
            String(
                "menu",
            ),
        ),
        (
            Id,
            String(
                "menu-group-group-label",
            ),
        ),
    ],
    styles: [],
}
