---
source: crates/ars-components/src/utility/heading.rs
expression: snapshot_attrs(&api.root_attrs(true))
---
AttrMap {
    attrs: [
        (
            Data(
                "ars-part",
            ),
            String(
                "root",
            ),
        ),
        (
            Data(
                "ars-scope",
            ),
            String(
                "heading",
            ),
        ),
        (
            Id,
            String(
                "heading-nested",
            ),
        ),
    ],
    styles: [],
}
