---
source: crates/ars-forms/src/fieldset/component.rs
expression: "snapshot_attrs(service.connect(&|_| {}).content_attrs())"
---
AttrMap {
    attrs: [
        (
            Data(
                "ars-part",
            ),
            String(
                "content",
            ),
        ),
        (
            Data(
                "ars-scope",
            ),
            String(
                "fieldset",
            ),
        ),
    ],
    styles: [],
}
