---
source: crates/ars-components/src/date_time/time_field/tests.rs
expression: "snapshot_attrs(&h23_api.segment_attrs(&DateSegmentKind::Hour))"
---
AttrMap {
    attrs: [
        (
            Data(
                "ars-part",
            ),
            String(
                "segment",
            ),
        ),
        (
            Data(
                "ars-scope",
            ),
            String(
                "time-field",
            ),
        ),
        (
            Data(
                "ars-segment",
            ),
            String(
                "hour",
            ),
        ),
        (
            Aria(
                Label,
            ),
            String(
                "Hour",
            ),
        ),
        (
            Aria(
                ValueMax,
            ),
            String(
                "23",
            ),
        ),
        (
            Aria(
                ValueMin,
            ),
            String(
                "0",
            ),
        ),
        (
            Aria(
                ValueNow,
            ),
            String(
                "14",
            ),
        ),
        (
            Aria(
                ValueText,
            ),
            String(
                "14",
            ),
        ),
        (
            Role,
            String(
                "spinbutton",
            ),
        ),
        (
            TabIndex,
            String(
                "0",
            ),
        ),
    ],
    styles: [],
}
