---
source: crates/ars-forms/src/field/component.rs
expression: "snapshot_attrs(service.connect(&|_| {}).label_attrs())"
---
AttrMap {
    attrs: [
        (
            Data(
                "ars-part",
            ),
            String(
                "label",
            ),
        ),
        (
            Data(
                "ars-scope",
            ),
            String(
                "field",
            ),
        ),
        (
            Id,
            String(
                "email-label",
            ),
        ),
        (
            For,
            String(
                "email-input",
            ),
        ),
    ],
    styles: [],
}
