---
source: crates/ars-forms/src/field/component.rs
expression: "snapshot_attrs(service.connect(&|_| {}).root_attrs())"
---
AttrMap {
    attrs: [
        (
            Data(
                "ars-part",
            ),
            String(
                "root",
            ),
        ),
        (
            Data(
                "ars-scope",
            ),
            String(
                "field",
            ),
        ),
        (
            Dir,
            String(
                "rtl",
            ),
        ),
        (
            Id,
            String(
                "email",
            ),
        ),
    ],
    styles: [],
}
