---
source: crates/ars-components/src/input/checkbox/mod.rs
expression: "snapshot_attrs(&service.connect(&|_| {}).indicator_attrs())"
---
AttrMap {
    attrs: [
        (
            Data(
                "ars-part",
            ),
            String(
                "indicator",
            ),
        ),
        (
            Data(
                "ars-scope",
            ),
            String(
                "checkbox",
            ),
        ),
        (
            Aria(
                Hidden,
            ),
            String(
                "true",
            ),
        ),
    ],
    styles: [],
}
