---
source: crates/ars-components/src/input/checkbox/mod.rs
expression: "snapshot_attrs(&service.connect(&|_| {}).control_attrs())"
---
AttrMap {
    attrs: [
        (
            Data(
                "ars-part",
            ),
            String(
                "control",
            ),
        ),
        (
            Data(
                "ars-scope",
            ),
            String(
                "checkbox",
            ),
        ),
        (
            Aria(
                Checked,
            ),
            String(
                "false",
            ),
        ),
        (
            Aria(
                Disabled,
            ),
            String(
                "true",
            ),
        ),
        (
            Aria(
                Invalid,
            ),
            String(
                "true",
            ),
        ),
        (
            Aria(
                LabelledBy,
            ),
            String(
                "terms-label",
            ),
        ),
        (
            Aria(
                ReadOnly,
            ),
            String(
                "true",
            ),
        ),
        (
            Aria(
                DescribedBy,
            ),
            String(
                "terms-error-message",
            ),
        ),
        (
            Id,
            String(
                "terms-control",
            ),
        ),
        (
            Role,
            String(
                "checkbox",
            ),
        ),
        (
            TabIndex,
            String(
                "0",
            ),
        ),
    ],
    styles: [],
}
