---
source: crates/ars-components/src/selection/select/mod.rs
expression: snapshot_attrs(&api.trigger_attrs())
---
AttrMap {
    attrs: [
        (
            Data(
                "ars-part",
            ),
            String(
                "trigger",
            ),
        ),
        (
            Data(
                "ars-scope",
            ),
            String(
                "select",
            ),
        ),
        (
            Aria(
                ActiveDescendant,
            ),
            String(
                "sel-item-bravo",
            ),
        ),
        (
            Aria(
                Expanded,
            ),
            String(
                "true",
            ),
        ),
        (
            Aria(
                HasPopup,
            ),
            String(
                "listbox",
            ),
        ),
        (
            Aria(
                Invalid,
            ),
            String(
                "true",
            ),
        ),
        (
            Aria(
                LabelledBy,
            ),
            String(
                "sel-label",
            ),
        ),
        (
            Aria(
                Required,
            ),
            String(
                "true",
            ),
        ),
        (
            Aria(
                Controls,
            ),
            String(
                "sel-content",
            ),
        ),
        (
            Aria(
                DescribedBy,
            ),
            String(
                "sel-description sel-error-message",
            ),
        ),
        (
            Aria(
                Description,
            ),
            String(
                "1 option selected",
            ),
        ),
        (
            Id,
            String(
                "sel-trigger",
            ),
        ),
        (
            Role,
            String(
                "combobox",
            ),
        ),
        (
            TabIndex,
            String(
                "0",
            ),
        ),
        (
            Type,
            String(
                "button",
            ),
        ),
    ],
    styles: [],
}
