---
source: crates/ars-components/src/utility/drop_zone/mod.rs
expression: "snapshot_attrs(&valid.connect(&|_| {}).root_attrs())"
---
AttrMap {
    attrs: [
        (
            Data(
                "ars-drag-over",
            ),
            Bool(
                true,
            ),
        ),
        (
            Data(
                "ars-drag-valid",
            ),
            Bool(
                true,
            ),
        ),
        (
            Data(
                "ars-drop-ready",
            ),
            Bool(
                true,
            ),
        ),
        (
            Data(
                "ars-part",
            ),
            String(
                "root",
            ),
        ),
        (
            Data(
                "ars-scope",
            ),
            String(
                "drop-zone",
            ),
        ),
        (
            Data(
                "ars-state",
            ),
            String(
                "drag-over",
            ),
        ),
        (
            Aria(
                Label,
            ),
            String(
                "Upload files",
            ),
        ),
        (
            Aria(
                Description,
            ),
            String(
                "Release to drop files",
            ),
        ),
        (
            Id,
            String(
                "uploads",
            ),
        ),
        (
            Role,
            String(
                "button",
            ),
        ),
        (
            TabIndex,
            String(
                "0",
            ),
        ),
    ],
    styles: [],
}
