---
source: crates/ars-components/src/utility/live_region.rs
expression: "snapshot_attrs(&service.connect(&|_| {}).root_attrs())"
---
AttrMap {
    attrs: [
        (
            Data(
                "ars-part",
            ),
            String(
                "root",
            ),
        ),
        (
            Data(
                "ars-scope",
            ),
            String(
                "live-region",
            ),
        ),
        (
            Data(
                "ars-state",
            ),
            String(
                "idle",
            ),
        ),
        (
            Aria(
                Atomic,
            ),
            String(
                "false",
            ),
        ),
        (
            Aria(
                Live,
            ),
            String(
                "off",
            ),
        ),
        (
            Aria(
                Relevant,
            ),
            String(
                "additions removals text",
            ),
        ),
        (
            Class,
            String(
                "ars-visually-hidden",
            ),
        ),
        (
            Id,
            String(
                "announcer",
            ),
        ),
    ],
    styles: [],
}
