---
source: crates/ars-components/src/overlay/hover_card/mod.rs
expression: "snapshot_attrs(&service.connect(&|_| {}).root_attrs())"
---
AttrMap {
    attrs: [
        (
            Data(
                "ars-part",
            ),
            String(
                "root",
            ),
        ),
        (
            Data(
                "ars-scope",
            ),
            String(
                "hover-card",
            ),
        ),
        (
            Data(
                "ars-state",
            ),
            String(
                "closed",
            ),
        ),
    ],
    styles: [],
}
