---
source: crates/ars-components/src/overlay/drawer/mod.rs
expression: "snapshot_attrs(&service.connect(&|_| {}).title_attrs())"
---
AttrMap {
    attrs: [
        (
            Data(
                "ars-heading-level",
            ),
            String(
                "1",
            ),
        ),
        (
            Data(
                "ars-part",
            ),
            String(
                "title",
            ),
        ),
        (
            Data(
                "ars-scope",
            ),
            String(
                "drawer",
            ),
        ),
        (
            Id,
            String(
                "drawer-title",
            ),
        ),
    ],
    styles: [],
}
