---
source: crates/ars-components/src/overlay/drawer/mod.rs
assertion_line: 2950
expression: "snapshot_attrs(&service.connect(&|_| {}).drag_handle_attrs())"
---
AttrMap {
    attrs: [
        (
            Data(
                "ars-part",
            ),
            String(
                "drag-handle",
            ),
        ),
        (
            Data(
                "ars-scope",
            ),
            String(
                "drawer",
            ),
        ),
        (
            Aria(
                Label,
            ),
            String(
                "Drawer snap position",
            ),
        ),
        (
            Aria(
                Orientation,
            ),
            String(
                "vertical",
            ),
        ),
        (
            Aria(
                ValueMax,
            ),
            String(
                "2",
            ),
        ),
        (
            Aria(
                ValueMin,
            ),
            String(
                "0",
            ),
        ),
        (
            Aria(
                ValueNow,
            ),
            String(
                "1",
            ),
        ),
        (
            Aria(
                ValueText,
            ),
            String(
                "50%",
            ),
        ),
        (
            Class,
            String(
                "ars-touch-none",
            ),
        ),
        (
            Role,
            String(
                "slider",
            ),
        ),
    ],
    styles: [],
}
