---
source: crates/ars-components/src/overlay/drawer/mod.rs
expression: snapshot_attrs(&api.body_attrs())
---
AttrMap {
    attrs: [
        (
            Data(
                "ars-part",
            ),
            String(
                "body",
            ),
        ),
        (
            Data(
                "ars-scope",
            ),
            String(
                "drawer",
            ),
        ),
    ],
    styles: [],
}
