---
source: crates/ars-components/src/input/number_input/mod.rs
expression: snapshot_attrs(&api.decrement_trigger_attrs())
---
AttrMap {
    attrs: [
        (
            Data(
                "ars-part",
            ),
            String(
                "decrement-trigger",
            ),
        ),
        (
            Data(
                "ars-scope",
            ),
            String(
                "number-input",
            ),
        ),
        (
            Aria(
                Label,
            ),
            String(
                "Decrement",
            ),
        ),
        (
            TabIndex,
            String(
                "-1",
            ),
        ),
        (
            Disabled,
            Bool(
                true,
            ),
        ),
        (
            Type,
            String(
                "button",
            ),
        ),
    ],
    styles: [],
}
