---
source: crates/ars-components/src/date_time/date_field/tests.rs
expression: "snapshot_attrs(&api.segment_attrs(&DateSegmentKind::Month))"
---
AttrMap {
    attrs: [
        (
            Data(
                "ars-part",
            ),
            String(
                "segment",
            ),
        ),
        (
            Data(
                "ars-scope",
            ),
            String(
                "date-field",
            ),
        ),
        (
            Data(
                "ars-segment",
            ),
            String(
                "month",
            ),
        ),
        (
            Aria(
                Disabled,
            ),
            String(
                "true",
            ),
        ),
        (
            Aria(
                Label,
            ),
            String(
                "Month",
            ),
        ),
        (
            Aria(
                ReadOnly,
            ),
            String(
                "true",
            ),
        ),
        (
            Aria(
                ValueMax,
            ),
            String(
                "12",
            ),
        ),
        (
            Aria(
                ValueMin,
            ),
            String(
                "1",
            ),
        ),
        (
            Aria(
                ValueNow,
            ),
            String(
                "3",
            ),
        ),
        (
            Aria(
                ValueText,
            ),
            String(
                "March",
            ),
        ),
        (
            Aria(
                DescribedBy,
            ),
            String(
                "birthday-error-message",
            ),
        ),
        (
            Role,
            String(
                "spinbutton",
            ),
        ),
        (
            TabIndex,
            String(
                "0",
            ),
        ),
    ],
    styles: [],
}
