---
source: crates/ars-components/src/selection/autocomplete/mod.rs
expression: snapshot_attrs(&api.root_attrs())
---
AttrMap {
    attrs: [
        (
            Data(
                "ars-part",
            ),
            String(
                "root",
            ),
        ),
        (
            Data(
                "ars-scope",
            ),
            String(
                "autocomplete",
            ),
        ),
        (
            Data(
                "ars-state",
            ),
            String(
                "interacting",
            ),
        ),
        (
            Id,
            String(
                "ac",
            ),
        ),
    ],
    styles: [],
}
