---
source: crates/ars-components/src/specialized/angle_slider/mod.rs
expression: "snapshot_attrs(&svc.connect(&|_| {}).root_attrs())"
---
AttrMap {
    attrs: [
        (
            Data(
                "ars-part",
            ),
            String(
                "root",
            ),
        ),
        (
            Data(
                "ars-scope",
            ),
            String(
                "angle-slider",
            ),
        ),
        (
            Data(
                "ars-state",
            ),
            String(
                "focused",
            ),
        ),
        (
            Id,
            String(
                "as",
            ),
        ),
        (
            Role,
            String(
                "group",
            ),
        ),
    ],
    styles: [],
}
