---
source: crates/ars-components/src/specialized/timer/mod.rs
expression: "snapshot_attrs(&countdown_api(State::Idle, 60).pause_trigger_attrs())"
---
AttrMap {
    attrs: [
        (
            Data(
                "ars-part",
            ),
            String(
                "pause-trigger",
            ),
        ),
        (
            Data(
                "ars-scope",
            ),
            String(
                "timer",
            ),
        ),
        (
            Aria(
                Label,
            ),
            String(
                "Pause timer",
            ),
        ),
        (
            Disabled,
            Bool(
                true,
            ),
        ),
        (
            Type,
            String(
                "button",
            ),
        ),
    ],
    styles: [],
}
