---
source: crates/ars-components/src/specialized/timer/mod.rs
expression: "snapshot_attrs(&api_for(State::Running, 3_600_000, Mode::Countdown,\n3_600_000).root_attrs())"
---
AttrMap {
    attrs: [
        (
            Data(
                "ars-part",
            ),
            String(
                "root",
            ),
        ),
        (
            Data(
                "ars-scope",
            ),
            String(
                "timer",
            ),
        ),
        (
            Data(
                "ars-state",
            ),
            String(
                "running",
            ),
        ),
        (
            Aria(
                Label,
            ),
            String(
                "01:00:00",
            ),
        ),
        (
            Aria(
                Atomic,
            ),
            String(
                "true",
            ),
        ),
        (
            Aria(
                Live,
            ),
            String(
                "polite",
            ),
        ),
        (
            Role,
            String(
                "timer",
            ),
        ),
    ],
    styles: [],
}
