---
source: crates/ars-components/src/specialized/timer/mod.rs
expression: "snapshot_attrs(&api_for(State::Idle, 60_000, Mode::Countdown,\n60_000).display_attrs())"
---
AttrMap {
    attrs: [
        (
            Data(
                "ars-part",
            ),
            String(
                "display",
            ),
        ),
        (
            Data(
                "ars-scope",
            ),
            String(
                "timer",
            ),
        ),
        (
            Aria(
                Hidden,
            ),
            String(
                "true",
            ),
        ),
        (
            Id,
            String(
                "timer-display",
            ),
        ),
    ],
    styles: [],
}
