---
source: crates/ars-components/src/specialized/timer/mod.rs
expression: "snapshot_attrs(&api_for(State::Running, Duration::from_secs(3_600),\nMode::Countdown, Duration::from_secs(3_600),).root_attrs())"
---
AttrMap {
    attrs: [
        (
            Data(
                "ars-part",
            ),
            String(
                "root",
            ),
        ),
        (
            Data(
                "ars-scope",
            ),
            String(
                "timer",
            ),
        ),
        (
            Data(
                "ars-state",
            ),
            String(
                "running",
            ),
        ),
        (
            Aria(
                Atomic,
            ),
            String(
                "true",
            ),
        ),
        (
            Aria(
                Live,
            ),
            String(
                "polite",
            ),
        ),
        (
            Role,
            String(
                "timer",
            ),
        ),
    ],
    styles: [],
}
