---
source: crates/ars-components/src/specialized/qr_code/mod.rs
expression: "snapshot_attrs(&api(&props, None).root_attrs())"
---
AttrMap {
    attrs: [
        (
            Data(
                "ars-part",
            ),
            String(
                "root",
            ),
        ),
        (
            Data(
                "ars-scope",
            ),
            String(
                "qr-code",
            ),
        ),
        (
            Aria(
                Label,
            ),
            String(
                "QR code: hello",
            ),
        ),
        (
            Role,
            String(
                "img",
            ),
        ),
    ],
    styles: [
        (
            Width,
            "0px",
        ),
        (
            Height,
            "0px",
        ),
    ],
}
