---
source: crates/ars-components/src/selection/menu_bar/mod.rs
expression: "snapshot_attrs(&api.menu_trigger_attrs(&key(\"file\")))"
---
AttrMap {
    attrs: [
        (
            Data(
                "ars-active",
            ),
            Bool(
                true,
            ),
        ),
        (
            Data(
                "ars-focused",
            ),
            Bool(
                true,
            ),
        ),
        (
            Data(
                "ars-part",
            ),
            String(
                "menu-trigger",
            ),
        ),
        (
            Data(
                "ars-scope",
            ),
            String(
                "menu-bar",
            ),
        ),
        (
            Aria(
                Expanded,
            ),
            String(
                "true",
            ),
        ),
        (
            Aria(
                HasPopup,
            ),
            String(
                "menu",
            ),
        ),
        (
            Aria(
                Controls,
            ),
            String(
                "menu-bar-menu-content-file",
            ),
        ),
        (
            Id,
            String(
                "menu-bar-trigger-file",
            ),
        ),
        (
            Role,
            String(
                "menuitem",
            ),
        ),
        (
            TabIndex,
            String(
                "0",
            ),
        ),
    ],
    styles: [],
}
