---
source: crates/ars-components/src/date_time/date_picker/tests.rs
expression: snapshot_attrs(&api.input_attrs())
---
AttrMap {
    attrs: [
        (
            Data(
                "ars-part",
            ),
            String(
                "input",
            ),
        ),
        (
            Data(
                "ars-scope",
            ),
            String(
                "date-picker",
            ),
        ),
        (
            Aria(
                Expanded,
            ),
            String(
                "false",
            ),
        ),
        (
            Aria(
                HasPopup,
            ),
            String(
                "dialog",
            ),
        ),
        (
            Aria(
                LabelledBy,
            ),
            String(
                "date-picker-label",
            ),
        ),
        (
            Aria(
                Controls,
            ),
            String(
                "date-picker-content",
            ),
        ),
        (
            Aria(
                Description,
            ),
            String(
                "Selected date: 03/15/2024",
            ),
        ),
        (
            Id,
            String(
                "date-picker-input",
            ),
        ),
        (
            Type,
            String(
                "text",
            ),
        ),
        (
            Value,
            String(
                "03/15/2024",
            ),
        ),
    ],
    styles: [],
}
