---
source: crates/ars-components/src/date_time/date_picker/tests.rs
expression: snapshot_attrs(&api.content_attrs())
---
AttrMap {
    attrs: [
        (
            Data(
                "ars-part",
            ),
            String(
                "content",
            ),
        ),
        (
            Data(
                "ars-scope",
            ),
            String(
                "date-picker",
            ),
        ),
        (
            Data(
                "ars-state",
            ),
            String(
                "open",
            ),
        ),
        (
            Aria(
                Label,
            ),
            String(
                "Choose date",
            ),
        ),
        (
            Id,
            String(
                "date-picker-content",
            ),
        ),
        (
            Role,
            String(
                "dialog",
            ),
        ),
    ],
    styles: [],
}
