---
source: crates/ars-components/src/specialized/color_wheel/mod.rs
expression: "snapshot_attrs(&svc.connect(&|_| {}).thumb_attrs())"
---
AttrMap {
    attrs: [
        (
            Data(
                "ars-part",
            ),
            String(
                "thumb",
            ),
        ),
        (
            Data(
                "ars-scope",
            ),
            String(
                "color-wheel",
            ),
        ),
        (
            Aria(
                Label,
            ),
            String(
                "Hue",
            ),
        ),
        (
            Aria(
                LabelledBy,
            ),
            String(
                "cw-label",
            ),
        ),
        (
            Aria(
                ValueMax,
            ),
            String(
                "360",
            ),
        ),
        (
            Aria(
                ValueMin,
            ),
            String(
                "0",
            ),
        ),
        (
            Aria(
                ValueNow,
            ),
            String(
                "270",
            ),
        ),
        (
            Aria(
                ValueText,
            ),
            String(
                "270°",
            ),
        ),
        (
            Id,
            String(
                "cw-thumb",
            ),
        ),
        (
            Role,
            String(
                "slider",
            ),
        ),
        (
            TabIndex,
            String(
                "0",
            ),
        ),
    ],
    styles: [
        (
            Custom(
                "ars-color-wheel-thumb-angle",
            ),
            "270deg",
        ),
    ],
}
