---
source: crates/ars-components/src/input/pin_input/mod.rs
expression: snapshot_attrs(&api.input_attrs(1))
---
AttrMap {
    attrs: [
        (
            Data(
                "ars-index",
            ),
            String(
                "1",
            ),
        ),
        (
            Data(
                "ars-part",
            ),
            String(
                "input",
            ),
        ),
        (
            Data(
                "ars-scope",
            ),
            String(
                "pin-input",
            ),
        ),
        (
            Aria(
                Label,
            ),
            String(
                "Digit 2 of 4",
            ),
        ),
        (
            Id,
            String(
                "pin-input-1",
            ),
        ),
        (
            InputMode,
            String(
                "numeric",
            ),
        ),
        (
            TabIndex,
            String(
                "0",
            ),
        ),
        (
            MaxLength,
            String(
                "1",
            ),
        ),
        (
            Type,
            String(
                "text",
            ),
        ),
    ],
    styles: [],
}
