---
source: crates/ars-components/src/utility/fieldset.rs
assertion_line: 773
expression: "snapshot_attrs(&service.connect(&|_| {}).root_attrs())"
---
AttrMap {
    attrs: [
        (
            Data(
                "ars-part",
            ),
            String(
                "root",
            ),
        ),
        (
            Data(
                "ars-scope",
            ),
            String(
                "fieldset",
            ),
        ),
        (
            Aria(
                DescribedBy,
            ),
            String(
                "billing-description billing-error-message",
            ),
        ),
        (
            Id,
            String(
                "billing",
            ),
        ),
    ],
    styles: [],
}
