---
source: crates/ars-components/src/utility/fieldset.rs
assertion_line: 815
expression: "snapshot_attrs(&service.connect(&|_| {}).error_message_attrs())"
---
AttrMap {
    attrs: [
        (
            Data(
                "ars-part",
            ),
            String(
                "error-message",
            ),
        ),
        (
            Data(
                "ars-scope",
            ),
            String(
                "fieldset",
            ),
        ),
        (
            Id,
            String(
                "billing-error-message",
            ),
        ),
        (
            Role,
            String(
                "alert",
            ),
        ),
    ],
    styles: [],
}
