---
source: crates/ars-components/src/selection/combobox/mod.rs
expression: snapshot_attrs(&api.content_attrs())
---
[
    (
        Data(
            "ars-part",
        ),
        String(
            "content",
        ),
    ),
    (
        Data(
            "ars-scope",
        ),
        String(
            "combobox",
        ),
    ),
    (
        Aria(
            LabelledBy,
        ),
        String(
            "combo-label",
        ),
    ),
    (
        Aria(
            MultiSelectable,
        ),
        String(
            "true",
        ),
    ),
    (
        Id,
        String(
            "combo-content",
        ),
    ),
    (
        Role,
        String(
            "listbox",
        ),
    ),
]
