---
source: crates/ars-components/src/layout/collapsible.rs
expression: "snapshot_attrs(&focused.connect(&|_| {}).trigger_attrs())"
---
aria-controls=collapsible-content
aria-expanded=false
aria-label=Show content
data-ars-focus=true
data-ars-focus-visible=true
data-ars-part=trigger
data-ars-scope=collapsible
data-ars-state=closed
id=collapsible-trigger
type=button
