---
source: crates/ars-components/src/specialized/contextual_help/mod.rs
expression: "snapshot_attrs(&contextual_help_api(false, test_props()).root_attrs())"
---
AttrMap {
    attrs: [
        (
            Data(
                "ars-part",
            ),
            String(
                "root",
            ),
        ),
        (
            Data(
                "ars-scope",
            ),
            String(
                "contextual-help",
            ),
        ),
    ],
    styles: [],
}
