---
source: crates/ars-components/src/input/editable/mod.rs
expression: "snapshot_attrs(&service(props()).connect(&|_| {}).cancel_trigger_attrs())"
---
AttrMap {
    attrs: [
        (
            Data(
                "ars-part",
            ),
            String(
                "cancel-trigger",
            ),
        ),
        (
            Data(
                "ars-scope",
            ),
            String(
                "editable",
            ),
        ),
        (
            Aria(
                Label,
            ),
            String(
                "Cancel edit",
            ),
        ),
        (
            Type,
            String(
                "button",
            ),
        ),
    ],
    styles: [],
}
