---
source: crates/ars-components/src/input/textarea/mod.rs
expression: "snapshot_attrs(&service(props()).connect(&|_| {}).error_message_attrs())"
---
AttrMap {
    attrs: [
        (
            Data(
                "ars-part",
            ),
            String(
                "error-message",
            ),
        ),
        (
            Data(
                "ars-scope",
            ),
            String(
                "textarea",
            ),
        ),
        (
            Aria(
                Live,
            ),
            String(
                "polite",
            ),
        ),
        (
            Id,
            String(
                "bio-field-error-message",
            ),
        ),
    ],
    styles: [],
}
