---
source: crates/ars-components/src/input/textarea/mod.rs
expression: "snapshot_attrs(&service(props()).connect(&|_| {}).root_attrs())"
---
AttrMap {
    attrs: [
        (
            Data(
                "ars-part",
            ),
            String(
                "root",
            ),
        ),
        (
            Data(
                "ars-scope",
            ),
            String(
                "textarea",
            ),
        ),
        (
            Data(
                "ars-state",
            ),
            String(
                "idle",
            ),
        ),
        (
            Id,
            String(
                "bio-field",
            ),
        ),
    ],
    styles: [],
}
