---
source: crates/ars-components/src/selection/context_menu/mod.rs
expression: "snapshot_attrs(&api.item_shortcut_attrs(&key(\"alpha\")))"
---
AttrMap {
    attrs: [
        (
            Data(
                "ars-part",
            ),
            String(
                "shortcut",
            ),
        ),
        (
            Data(
                "ars-scope",
            ),
            String(
                "context-menu",
            ),
        ),
        (
            Aria(
                Hidden,
            ),
            String(
                "true",
            ),
        ),
        (
            Id,
            String(
                "context-menu-item-alpha-shortcut",
            ),
        ),
    ],
    styles: [],
}
