---
source: crates/ars-components/src/data_display/grid_list/mod.rs
expression: snapshot_attrs(&empty_api.root_attrs())
---
AttrMap {
    attrs: [
        (
            Data(
                "ars-part",
            ),
            String(
                "root",
            ),
        ),
        (
            Data(
                "ars-scope",
            ),
            String(
                "grid-list",
            ),
        ),
        (
            Data(
                "ars-state",
            ),
            String(
                "idle",
            ),
        ),
        (
            Id,
            String(
                "empty",
            ),
        ),
        (
            Role,
            String(
                "grid",
            ),
        ),
        (
            TabIndex,
            String(
                "0",
            ),
        ),
    ],
    styles: [],
}
