---
source: crates/ars-components/src/specialized/file_upload/tests.rs
expression: "snapshot_attrs(&api_with_context(ctx, State::Idle).trigger_attrs())"
---
AttrMap {
    attrs: [
        (
            Data(
                "ars-part",
            ),
            String(
                "trigger",
            ),
        ),
        (
            Data(
                "ars-scope",
            ),
            String(
                "file-upload",
            ),
        ),
        (
            Aria(
                Disabled,
            ),
            String(
                "true",
            ),
        ),
        (
            Aria(
                Label,
            ),
            String(
                "Choose files to upload",
            ),
        ),
        (
            Disabled,
            Bool(
                true,
            ),
        ),
    ],
    styles: [],
}
