---
source: crates/ars-components/src/specialized/color_picker/mod.rs
expression: "snapshot_attrs(&svc.connect(&|_| {}).label_attrs())"
---
AttrMap {
    attrs: [
        (
            Data(
                "ars-part",
            ),
            String(
                "label",
            ),
        ),
        (
            Data(
                "ars-scope",
            ),
            String(
                "color-picker",
            ),
        ),
        (
            Id,
            String(
                "cp-label",
            ),
        ),
        (
            For,
            String(
                "cp-trigger",
            ),
        ),
    ],
    styles: [],
}
