---
source: crates/ars-components/src/specialized/color_picker/mod.rs
expression: "snapshot_attrs(&svc.connect(&|_| {}).hidden_input_attrs())"
---
AttrMap {
    attrs: [
        (
            Data(
                "ars-part",
            ),
            String(
                "hidden-input",
            ),
        ),
        (
            Data(
                "ars-scope",
            ),
            String(
                "color-picker",
            ),
        ),
        (
            Name,
            String(
                "color",
            ),
        ),
        (
            Type,
            String(
                "hidden",
            ),
        ),
        (
            Value,
            String(
                "#19b319",
            ),
        ),
    ],
    styles: [],
}
