---
source: crates/ars-components/src/navigation/tabs/tests.rs
assertion_line: 1998
expression: "snapshot_attrs(&service.connect(&|_| {}).root_attrs())"
---
AttrMap {
    attrs: [
        (
            Data(
                "ars-orientation",
            ),
            String(
                "vertical",
            ),
        ),
        (
            Data(
                "ars-part",
            ),
            String(
                "root",
            ),
        ),
        (
            Data(
                "ars-scope",
            ),
            String(
                "tabs",
            ),
        ),
        (
            Dir,
            String(
                "ltr",
            ),
        ),
    ],
    styles: [],
}
