---
source: crates/ars-components/src/navigation/tabs/tests.rs
assertion_line: 2004
expression: "snapshot_attrs(&service.connect(&|_| {}).tab_attrs(&key(\"a\"), true))"
---
AttrMap {
    attrs: [
        (
            Data(
                "ars-focus-visible",
            ),
            Bool(
                true,
            ),
        ),
        (
            Data(
                "ars-part",
            ),
            String(
                "tab",
            ),
        ),
        (
            Data(
                "ars-scope",
            ),
            String(
                "tabs",
            ),
        ),
        (
            Data(
                "ars-selected",
            ),
            Bool(
                true,
            ),
        ),
        (
            Aria(
                RoleDescription,
            ),
            String(
                "draggable tab",
            ),
        ),
        (
            Aria(
                Selected,
            ),
            String(
                "true",
            ),
        ),
        (
            Aria(
                Controls,
            ),
            String(
                "tabs-panel-a",
            ),
        ),
        (
            Id,
            String(
                "tabs-tab-a",
            ),
        ),
        (
            Role,
            String(
                "tab",
            ),
        ),
        (
            TabIndex,
            String(
                "0",
            ),
        ),
    ],
    styles: [],
}
