---
source: crates/ars-components/src/overlay/floating_panel/mod.rs
expression: snapshot_attrs(&api.content_attrs())
---
AttrMap {
    attrs: [
        (
            Data(
                "ars-part",
            ),
            String(
                "content",
            ),
        ),
        (
            Data(
                "ars-scope",
            ),
            String(
                "floating-panel",
            ),
        ),
    ],
    styles: [],
}
