---
source: crates/ars-components/src/data_display/progress/mod.rs
expression: "snapshot_attrs(&service.connect(&|_| {}).root_attrs())"
---
AttrMap {
    attrs: [
        (
            Data(
                "ars-orientation",
            ),
            String(
                "horizontal",
            ),
        ),
        (
            Data(
                "ars-part",
            ),
            String(
                "root",
            ),
        ),
        (
            Data(
                "ars-scope",
            ),
            String(
                "progress",
            ),
        ),
        (
            Data(
                "ars-state",
            ),
            String(
                "loading",
            ),
        ),
        (
            Aria(
                LabelledBy,
            ),
            String(
                "progress-label",
            ),
        ),
        (
            Aria(
                Orientation,
            ),
            String(
                "horizontal",
            ),
        ),
        (
            Aria(
                ValueMax,
            ),
            String(
                "100",
            ),
        ),
        (
            Aria(
                ValueMin,
            ),
            String(
                "0",
            ),
        ),
        (
            Aria(
                ValueText,
            ),
            String(
                "Loading…",
            ),
        ),
        (
            Id,
            String(
                "progress",
            ),
        ),
        (
            Role,
            String(
                "progressbar",
            ),
        ),
    ],
    styles: [],
}
