---
source: crates/ars-components/src/utility/toggle_group/mod.rs
expression: "snapshot_attrs(&none.connect(&|_| {}).root_attrs())"
---
AttrMap {
    attrs: [
        (
            Data(
                "ars-disabled",
            ),
            Bool(
                true,
            ),
        ),
        (
            Data(
                "ars-invalid",
            ),
            Bool(
                true,
            ),
        ),
        (
            Data(
                "ars-orientation",
            ),
            String(
                "horizontal",
            ),
        ),
        (
            Data(
                "ars-part",
            ),
            String(
                "root",
            ),
        ),
        (
            Data(
                "ars-readonly",
            ),
            Bool(
                true,
            ),
        ),
        (
            Data(
                "ars-scope",
            ),
            String(
                "toggle-group",
            ),
        ),
        (
            Aria(
                Disabled,
            ),
            String(
                "true",
            ),
        ),
        (
            Aria(
                Invalid,
            ),
            String(
                "true",
            ),
        ),
        (
            Aria(
                Label,
            ),
            String(
                "Formatting",
            ),
        ),
        (
            Aria(
                Orientation,
            ),
            String(
                "horizontal",
            ),
        ),
        (
            Aria(
                Required,
            ),
            String(
                "true",
            ),
        ),
        (
            Id,
            String(
                "format",
            ),
        ),
        (
            Role,
            String(
                "group",
            ),
        ),
    ],
    styles: [],
}
