---
source: crates/ars-components/src/date_time/date_time_picker/tests.rs
expression: snapshot_attrs(&api.root_attrs())
---
AttrMap {
    attrs: [
        (
            Data(
                "ars-part",
            ),
            String(
                "root",
            ),
        ),
        (
            Data(
                "ars-scope",
            ),
            String(
                "date-time-picker",
            ),
        ),
        (
            Data(
                "ars-state",
            ),
            String(
                "idle",
            ),
        ),
        (
            Aria(
                Description,
            ),
            String(
                "Selected: 03/15/2024 02:30 PM",
            ),
        ),
        (
            Id,
            String(
                "date-time-picker",
            ),
        ),
    ],
    styles: [],
}
