---
source: crates/ars-components/src/date_time/date_time_picker/tests.rs
expression: snapshot_attrs(&api.error_message_attrs())
---
AttrMap {
    attrs: [
        (
            Data(
                "ars-part",
            ),
            String(
                "error-message",
            ),
        ),
        (
            Data(
                "ars-scope",
            ),
            String(
                "date-time-picker",
            ),
        ),
        (
            Aria(
                Live,
            ),
            String(
                "polite",
            ),
        ),
        (
            Id,
            String(
                "date-time-picker-error-message",
            ),
        ),
        (
            Role,
            String(
                "alert",
            ),
        ),
    ],
    styles: [],
}
