---
source: crates/ars-components/src/date_time/date_time_picker/tests.rs
expression: "snapshot_attrs(&api.segment_attrs(&DateSegmentKind::Hour))"
---
AttrMap {
    attrs: [
        (
            Data(
                "ars-part",
            ),
            String(
                "segment",
            ),
        ),
        (
            Data(
                "ars-scope",
            ),
            String(
                "date-time-picker",
            ),
        ),
        (
            Data(
                "ars-segment",
            ),
            String(
                "hour",
            ),
        ),
        (
            Aria(
                Label,
            ),
            String(
                "Hour",
            ),
        ),
        (
            Aria(
                ValueMax,
            ),
            String(
                "12",
            ),
        ),
        (
            Aria(
                ValueMin,
            ),
            String(
                "1",
            ),
        ),
        (
            Aria(
                ValueNow,
            ),
            String(
                "2",
            ),
        ),
        (
            Aria(
                ValueText,
            ),
            String(
                "2",
            ),
        ),
        (
            Id,
            String(
                "date-time-picker-segment-hour",
            ),
        ),
        (
            InputMode,
            String(
                "numeric",
            ),
        ),
        (
            Role,
            String(
                "spinbutton",
            ),
        ),
        (
            TabIndex,
            String(
                "-1",
            ),
        ),
    ],
    styles: [],
}
