---
source: crates/ars-components/src/input/checkbox_group/mod.rs
expression: "snapshot_configs(&service.connect(&|_| {}).hidden_input_configs())"
---
[
    HiddenInputConfig {
        name: "features",
        value: "alpha",
        checked: true,
        form_id: Some(
            "settings",
        ),
        disabled: false,
        required: true,
    },
    HiddenInputConfig {
        name: "features",
        value: "gamma",
        checked: true,
        form_id: Some(
            "settings",
        ),
        disabled: false,
        required: true,
    },
]
