---
source: crates/ars-components/src/specialized/signature_pad/mod.rs
expression: "snapshot_attrs(&filled_api(State::Completed).guide_attrs())"
---
AttrMap {
    attrs: [
        (
            Data(
                "ars-hidden",
            ),
            Bool(
                true,
            ),
        ),
        (
            Data(
                "ars-part",
            ),
            String(
                "guide",
            ),
        ),
        (
            Data(
                "ars-scope",
            ),
            String(
                "signature-pad",
            ),
        ),
    ],
    styles: [],
}
