---
source: crates/ars-components/src/specialized/signature_pad/mod.rs
expression: "snapshot_attrs(&empty_api(State::Idle).root_attrs())"
---
AttrMap {
    attrs: [
        (
            Data(
                "ars-part",
            ),
            String(
                "root",
            ),
        ),
        (
            Data(
                "ars-scope",
            ),
            String(
                "signature-pad",
            ),
        ),
        (
            Data(
                "ars-state",
            ),
            String(
                "idle",
            ),
        ),
        (
            Id,
            String(
                "sig",
            ),
        ),
    ],
    styles: [],
}
