---
source: crates/ars-components/src/specialized/color_slider/mod.rs
expression: "snapshot_attrs(&svc.connect(&|_| {}).thumb_attrs())"
---
AttrMap {
    attrs: [
        (
            Data(
                "ars-part",
            ),
            String(
                "thumb",
            ),
        ),
        (
            Data(
                "ars-scope",
            ),
            String(
                "color-slider",
            ),
        ),
        (
            Aria(
                Label,
            ),
            String(
                "Color channel",
            ),
        ),
        (
            Aria(
                LabelledBy,
            ),
            String(
                "cs-label",
            ),
        ),
        (
            Aria(
                Orientation,
            ),
            String(
                "horizontal",
            ),
        ),
        (
            Aria(
                ValueMax,
            ),
            String(
                "360.00",
            ),
        ),
        (
            Aria(
                ValueMin,
            ),
            String(
                "0.00",
            ),
        ),
        (
            Aria(
                ValueNow,
            ),
            String(
                "120.00",
            ),
        ),
        (
            Aria(
                ValueText,
            ),
            String(
                "120",
            ),
        ),
        (
            Id,
            String(
                "cs-thumb",
            ),
        ),
        (
            Role,
            String(
                "slider",
            ),
        ),
        (
            TabIndex,
            String(
                "0",
            ),
        ),
    ],
    styles: [
        (
            Custom(
                "ars-color-slider-thumb-position",
            ),
            "33.3%",
        ),
        (
            BackgroundColor,
            "hsl(120, 100.0%, 50.0%)",
        ),
    ],
}
