---
source: crates/ars-components/src/navigation/steps.rs
expression: snapshot_attrs(&api.next_trigger_attrs())
---
AttrMap {
    attrs: [
        (
            Data(
                "ars-part",
            ),
            String(
                "next-trigger",
            ),
        ),
        (
            Data(
                "ars-scope",
            ),
            String(
                "steps",
            ),
        ),
        (
            Type,
            String(
                "button",
            ),
        ),
    ],
    styles: [],
}
