---
source: crates/ars-components/src/specialized/clipboard/mod.rs
expression: "snapshot_attrs(&api_for_state(State::Idle).root_attrs())"
---
AttrMap {
    attrs: [
        (
            Data(
                "ars-part",
            ),
            String(
                "root",
            ),
        ),
        (
            Data(
                "ars-scope",
            ),
            String(
                "clipboard",
            ),
        ),
        (
            Data(
                "ars-state",
            ),
            String(
                "idle",
            ),
        ),
        (
            Id,
            String(
                "clip",
            ),
        ),
    ],
    styles: [],
}
