---
source: crates/ars-components/src/specialized/image_cropper/mod.rs
expression: "snapshot_attrs(&Fixture::default().api().label_attrs())"
---
AttrMap {
    attrs: [
        (
            Data(
                "ars-part",
            ),
            String(
                "label",
            ),
        ),
        (
            Data(
                "ars-scope",
            ),
            String(
                "image-cropper",
            ),
        ),
        (
            Id,
            String(
                "cropper-label",
            ),
        ),
    ],
    styles: [],
}
