---
source: crates/ars-forms/src/form/component.rs
expression: "snapshot_attrs(service.connect(&|_| {}).root_attrs())"
---
AttrMap {
    attrs: [
        (
            Data(
                "ars-part",
            ),
            String(
                "root",
            ),
        ),
        (
            Data(
                "ars-scope",
            ),
            String(
                "form",
            ),
        ),
        (
            Data(
                "ars-state",
            ),
            String(
                "idle",
            ),
        ),
        (
            Id,
            String(
                "checkout",
            ),
        ),
        (
            Role,
            String(
                "search",
            ),
        ),
        (
            Action,
            String(
                "#",
            ),
        ),
        (
            NoValidate,
            Bool(
                true,
            ),
        ),
    ],
    styles: [],
}
