---
source: crates/ars-components/src/date_time/date_range_picker/tests.rs
expression: snapshot_attrs(&api.control_attrs())
---
AttrMap {
    attrs: [
        (
            Data(
                "ars-part",
            ),
            String(
                "control",
            ),
        ),
        (
            Data(
                "ars-scope",
            ),
            String(
                "date-range-picker",
            ),
        ),
        (
            Aria(
                LabelledBy,
            ),
            String(
                "trip-label",
            ),
        ),
        (
            Aria(
                DescribedBy,
            ),
            String(
                "trip-description trip-error-message",
            ),
        ),
        (
            Role,
            String(
                "group",
            ),
        ),
    ],
    styles: [],
}
