---
source: crates/ars-components/src/date_time/date_range_picker/tests.rs
expression: snapshot_attrs(&api.start_input_attrs())
---
AttrMap {
    attrs: [
        (
            Data(
                "ars-part",
            ),
            String(
                "start-input",
            ),
        ),
        (
            Data(
                "ars-scope",
            ),
            String(
                "date-range-picker",
            ),
        ),
    ],
    styles: [],
}
