---
source: crates/ars-components/src/date_time/date_range_picker/tests.rs
expression: snapshot_attrs(&child)
---
AttrMap {
    attrs: [
        (
            Data(
                "ars-part",
            ),
            String(
                "field-group",
            ),
        ),
        (
            Data(
                "ars-scope",
            ),
            String(
                "date-field",
            ),
        ),
        (
            Aria(
                Label,
            ),
            String(
                "End date",
            ),
        ),
        (
            Id,
            String(
                "trip-end-input-field-group",
            ),
        ),
        (
            Role,
            String(
                "group",
            ),
        ),
    ],
    styles: [],
}
