---
source: crates/ars-components/src/input/password_input/mod.rs
expression: snapshot_attrs(&api.description_attrs())
---
AttrMap {
    attrs: [
        (
            Data(
                "ars-part",
            ),
            String(
                "description",
            ),
        ),
        (
            Data(
                "ars-scope",
            ),
            String(
                "password-input",
            ),
        ),
        (
            Id,
            String(
                "pwd-description",
            ),
        ),
    ],
    styles: [],
}
