---
source: crates/ars-components/src/input/password_input/mod.rs
expression: snapshot_attrs(&api.error_message_attrs())
---
AttrMap {
    attrs: [
        (
            Data(
                "ars-part",
            ),
            String(
                "error-message",
            ),
        ),
        (
            Data(
                "ars-scope",
            ),
            String(
                "password-input",
            ),
        ),
        (
            Aria(
                Live,
            ),
            String(
                "polite",
            ),
        ),
        (
            Id,
            String(
                "pwd-error-message",
            ),
        ),
    ],
    styles: [],
}
