---
source: crates/ars-components/src/input/password_input/mod.rs
expression: snapshot_attrs(&api.root_attrs())
---
AttrMap {
    attrs: [
        (
            Data(
                "ars-disabled",
            ),
            Bool(
                true,
            ),
        ),
        (
            Data(
                "ars-invalid",
            ),
            Bool(
                true,
            ),
        ),
        (
            Data(
                "ars-part",
            ),
            String(
                "root",
            ),
        ),
        (
            Data(
                "ars-readonly",
            ),
            Bool(
                true,
            ),
        ),
        (
            Data(
                "ars-scope",
            ),
            String(
                "password-input",
            ),
        ),
        (
            Data(
                "ars-state",
            ),
            String(
                "masked",
            ),
        ),
        (
            Id,
            String(
                "pwd",
            ),
        ),
    ],
    styles: [],
}
