---
source: crates/ars-components/src/input/password_input/mod.rs
expression: snapshot_attrs(&api.toggle_attrs())
---
AttrMap {
    attrs: [
        (
            Data(
                "ars-part",
            ),
            String(
                "toggle",
            ),
        ),
        (
            Data(
                "ars-scope",
            ),
            String(
                "password-input",
            ),
        ),
        (
            Aria(
                Label,
            ),
            String(
                "Show password",
            ),
        ),
        (
            TabIndex,
            String(
                "0",
            ),
        ),
        (
            Type,
            String(
                "button",
            ),
        ),
    ],
    styles: [],
}
