---
source: crates/ars-components/src/overlay/popover.rs
expression: "snapshot_attrs(&service.connect(&|_| {}).positioner_attrs())"
---
AttrMap {
    attrs: [
        (
            Data(
                "ars-part",
            ),
            String(
                "positioner",
            ),
        ),
        (
            Data(
                "ars-placement",
            ),
            String(
                "left",
            ),
        ),
        (
            Data(
                "ars-scope",
            ),
            String(
                "popover",
            ),
        ),
        (
            Data(
                "ars-state",
            ),
            String(
                "open",
            ),
        ),
    ],
    styles: [],
}
