---
source: crates/ars-components/src/overlay/popover.rs
expression: "snapshot_attrs(&service.connect(&|_| {}).content_attrs())"
---
AttrMap {
    attrs: [
        (
            Data(
                "ars-part",
            ),
            String(
                "content",
            ),
        ),
        (
            Data(
                "ars-scope",
            ),
            String(
                "popover",
            ),
        ),
        (
            Data(
                "ars-state",
            ),
            String(
                "open",
            ),
        ),
        (
            Aria(
                LabelledBy,
            ),
            String(
                "popover-title",
            ),
        ),
        (
            Id,
            String(
                "popover-content",
            ),
        ),
        (
            Role,
            String(
                "group",
            ),
        ),
        (
            TabIndex,
            String(
                "-1",
            ),
        ),
    ],
    styles: [],
}
