---
source: crates/ars-components/src/data_display/rating_group/mod.rs
expression: snapshot_attrs(&whole_api.root_attrs())
---
AttrMap {
    attrs: [
        (
            Data(
                "ars-part",
            ),
            String(
                "root",
            ),
        ),
        (
            Data(
                "ars-scope",
            ),
            String(
                "rating-group",
            ),
        ),
        (
            Id,
            String(
                "rating",
            ),
        ),
    ],
    styles: [],
}
