---
source: crates/ars-components/src/data_display/rating_group/mod.rs
expression: snapshot_attrs(&whole_api.item_attrs(1))
---
AttrMap {
    attrs: [
        (
            Data(
                "ars-highlighted",
            ),
            Bool(
                true,
            ),
        ),
        (
            Data(
                "ars-index",
            ),
            String(
                "1",
            ),
        ),
        (
            Data(
                "ars-part",
            ),
            String(
                "item",
            ),
        ),
        (
            Data(
                "ars-scope",
            ),
            String(
                "rating-group",
            ),
        ),
        (
            Data(
                "ars-selected",
            ),
            Bool(
                true,
            ),
        ),
        (
            Aria(
                Checked,
            ),
            String(
                "true",
            ),
        ),
        (
            Aria(
                Label,
            ),
            String(
                "2 stars",
            ),
        ),
        (
            Role,
            String(
                "radio",
            ),
        ),
        (
            TabIndex,
            String(
                "0",
            ),
        ),
    ],
    styles: [],
}
