---
source: crates/ars-components/src/data_display/table/tests.rs
expression: snapshot_attrs(&attrs)
---
AttrMap {
    attrs: [
        (
            Data(
                "ars-part",
            ),
            String(
                "row-checkbox",
            ),
        ),
        (
            Data(
                "ars-scope",
            ),
            String(
                "table",
            ),
        ),
        (
            Aria(
                Checked,
            ),
            String(
                "true",
            ),
        ),
        (
            Aria(
                Label,
            ),
            String(
                "Select row",
            ),
        ),
        (
            Checked,
            Bool(
                true,
            ),
        ),
        (
            Type,
            String(
                "checkbox",
            ),
        ),
    ],
    styles: [],
}
