---
source: crates/ars-components/src/data_display/table/tests.rs
expression: snapshot_attrs(&attrs)
---
AttrMap {
    attrs: [
        (
            Data(
                "ars-disabled",
            ),
            Bool(
                true,
            ),
        ),
        (
            Data(
                "ars-part",
            ),
            String(
                "row",
            ),
        ),
        (
            Data(
                "ars-scope",
            ),
            String(
                "table",
            ),
        ),
        (
            Aria(
                Disabled,
            ),
            String(
                "true",
            ),
        ),
        (
            Aria(
                Selected,
            ),
            String(
                "false",
            ),
        ),
    ],
    styles: [],
}
