---
source: crates/ars-components/src/date_time/calendar/tests.rs
assertion_line: 1051
expression: snapshot_attrs(&api.next_trigger_attrs())
---
AttrMap {
    attrs: [
        (
            Data(
                "ars-part",
            ),
            String(
                "next-trigger",
            ),
        ),
        (
            Data(
                "ars-scope",
            ),
            String(
                "calendar",
            ),
        ),
        (
            Aria(
                Label,
            ),
            String(
                "Next 2 months",
            ),
        ),
        (
            Id,
            String(
                "cal-next-trigger",
            ),
        ),
        (
            TabIndex,
            String(
                "-1",
            ),
        ),
        (
            Type,
            String(
                "button",
            ),
        ),
    ],
    styles: [],
}
