---
source: crates/ars-components/src/date_time/calendar/tests.rs
expression: snapshot_attrs(&api.head_row_attrs())
---
AttrMap {
    attrs: [
        (
            Data(
                "ars-part",
            ),
            String(
                "head-row",
            ),
        ),
        (
            Data(
                "ars-scope",
            ),
            String(
                "calendar",
            ),
        ),
    ],
    styles: [],
}
