---
source: crates/ars-components/src/selection/listbox/mod.rs
expression: snapshot_attrs(&api.label_attrs())
---
AttrMap {
    attrs: [
        (
            Data(
                "ars-part",
            ),
            String(
                "label",
            ),
        ),
        (
            Data(
                "ars-scope",
            ),
            String(
                "listbox",
            ),
        ),
        (
            Id,
            String(
                "lb-label",
            ),
        ),
    ],
    styles: [],
}
