---
source: crates/ars-components/src/input/range_slider/mod.rs
expression: snapshot_attrs(&api.label_attrs())
---
AttrMap {
    attrs: [
        (
            Data(
                "ars-part",
            ),
            String(
                "label",
            ),
        ),
        (
            Data(
                "ars-scope",
            ),
            String(
                "range-slider",
            ),
        ),
        (
            Id,
            String(
                "price-label",
            ),
        ),
    ],
    styles: [],
}
