---
source: crates/ars-components/src/date_time/range_calendar/tests.rs
expression: snapshot_attrs(&api.header_attrs())
---
AttrMap {
    attrs: [
        (
            Data(
                "ars-part",
            ),
            String(
                "header",
            ),
        ),
        (
            Data(
                "ars-scope",
            ),
            String(
                "range-calendar",
            ),
        ),
        (
            Id,
            String(
                "range-cal-header",
            ),
        ),
    ],
    styles: [],
}
