---
source: crates/ars-components/src/date_time/range_calendar/tests.rs
expression: snapshot_attrs(&api.grid_group_attrs())
---
AttrMap {
    attrs: [
        (
            Data(
                "ars-part",
            ),
            String(
                "grid-group",
            ),
        ),
        (
            Data(
                "ars-scope",
            ),
            String(
                "range-calendar",
            ),
        ),
        (
            Aria(
                Label,
            ),
            String(
                "January 2024 – February 2024",
            ),
        ),
        (
            Id,
            String(
                "range-cal-grid-group",
            ),
        ),
        (
            Role,
            String(
                "group",
            ),
        ),
    ],
    styles: [],
}
