---
source: crates/ars-components/src/date_time/range_calendar/tests.rs
expression: snapshot_attrs(&api.prev_trigger_attrs())
---
AttrMap {
    attrs: [
        (
            Data(
                "ars-part",
            ),
            String(
                "prev-trigger",
            ),
        ),
        (
            Data(
                "ars-scope",
            ),
            String(
                "range-calendar",
            ),
        ),
        (
            Aria(
                Label,
            ),
            String(
                "Previous 2 months",
            ),
        ),
        (
            Id,
            String(
                "range-cal-prev-trigger",
            ),
        ),
        (
            TabIndex,
            String(
                "-1",
            ),
        ),
        (
            Type,
            String(
                "button",
            ),
        ),
    ],
    styles: [],
}
